[17:12:38] === EtcFS Infrastructure Teardown ===
[17:12:38] Volume:        vol-0e156063bb0f9b38d
[17:12:38] Security Grp:  sg-0cd9ca0b74c2e41b9
[17:12:38] Nodes:         3
[17:12:38] Terminating instances...
{
    "TerminatingInstances": [
        {
            "InstanceId": "i-0f1b9361ffadc583a",
            "CurrentState": {
                "Code": 32,
                "Name": "shutting-down"
            },
            "PreviousState": {
                "Code": 16,
                "Name": "running"
            }
        }
    ]
}
{
    "TerminatingInstances": [
        {
            "InstanceId": "i-0f26ce33a9d19010e",
            "CurrentState": {
                "Code": 32,
                "Name": "shutting-down"
            },
            "PreviousState": {
                "Code": 16,
                "Name": "running"
            }
        }
    ]
}
{
    "TerminatingInstances": [
        {
            "InstanceId": "i-087c4d6a2cff3e622",
            "CurrentState": {
                "Code": 32,
                "Name": "shutting-down"
            },
            "PreviousState": {
                "Code": 16,
                "Name": "running"
            }
        }
    ]
}
[17:12:41] Waiting for termination...
[17:14:59] Instances terminated
[17:14:59] Waiting for volume to detach...
[17:15:01] Volume vol-0e156063bb0f9b38d deletion requested
[17:15:01] Volume deleted
[17:15:01] Deleting security group sg-0cd9ca0b74c2e41b9...
{
    "Return": true,
    "GroupId": "sg-0cd9ca0b74c2e41b9"
}
[17:15:02] Security group sg-0cd9ca0b74c2e41b9 deleted
[17:15:02] 
[17:15:02] === EtcFS teardown complete ===
