[17:43:05] === EtcFS Infrastructure Teardown ===
[17:43:06] Volume:        vol-015fbd0169f1b4421
[17:43:06] Security Grp:  sg-0a064da1cec377ce1
[17:43:06] Nodes:         3
[17:43:06] Terminating instances...
{
    "TerminatingInstances": [
        {
            "InstanceId": "i-0abe3e332bf196d3f",
            "CurrentState": {
                "Code": 32,
                "Name": "shutting-down"
            },
            "PreviousState": {
                "Code": 16,
                "Name": "running"
            }
        }
    ]
}
{
    "TerminatingInstances": [
        {
            "InstanceId": "i-06bfaf408e8727812",
            "CurrentState": {
                "Code": 32,
                "Name": "shutting-down"
            },
            "PreviousState": {
                "Code": 16,
                "Name": "running"
            }
        }
    ]
}
{
    "TerminatingInstances": [
        {
            "InstanceId": "i-01da0cb2d4d4cbf72",
            "CurrentState": {
                "Code": 32,
                "Name": "shutting-down"
            },
            "PreviousState": {
                "Code": 16,
                "Name": "running"
            }
        }
    ]
}
[17:43:08] Waiting for termination...
[17:45:26] Instances terminated
[17:45:26] Waiting for volume to detach...
[17:45:28] Volume vol-015fbd0169f1b4421 deletion requested
[17:45:28] Volume deleted
[17:45:28] Deleting security group sg-0a064da1cec377ce1...
{
    "Return": true,
    "GroupId": "sg-0a064da1cec377ce1"
}
[17:45:29] Security group sg-0a064da1cec377ce1 deleted
[17:45:29] 
[17:45:29] === EtcFS teardown complete ===
