[17:49:39] === EtcFS Infrastructure Teardown ===
[17:49:39] Volume:        vol-07316b795642473b9
[17:49:39] Security Grp:  sg-0b196b957dbc57a2e
[17:49:39] Nodes:         3
[17:49:39] Terminating instances...
{
    "TerminatingInstances": [
        {
            "InstanceId": "i-0d5341022d9cdb9c4",
            "CurrentState": {
                "Code": 32,
                "Name": "shutting-down"
            },
            "PreviousState": {
                "Code": 16,
                "Name": "running"
            }
        }
    ]
}
{
    "TerminatingInstances": [
        {
            "InstanceId": "i-014f19dbf9d47ba1a",
            "CurrentState": {
                "Code": 32,
                "Name": "shutting-down"
            },
            "PreviousState": {
                "Code": 16,
                "Name": "running"
            }
        }
    ]
}
{
    "TerminatingInstances": [
        {
            "InstanceId": "i-02c7452430139578d",
            "CurrentState": {
                "Code": 32,
                "Name": "shutting-down"
            },
            "PreviousState": {
                "Code": 16,
                "Name": "running"
            }
        }
    ]
}
[17:49:42] Waiting for termination...
[17:52:00] Instances terminated
[17:52:00] Waiting for volume to detach...
[17:52:02] Volume vol-07316b795642473b9 deletion requested
[17:52:02] Volume deleted
[17:52:02] Deleting security group sg-0b196b957dbc57a2e...
{
    "Return": true,
    "GroupId": "sg-0b196b957dbc57a2e"
}
[17:52:03] Security group sg-0b196b957dbc57a2e deleted
[17:52:03] 
[17:52:03] === EtcFS teardown complete ===
