[17:03:36] === EtcFS Infrastructure Teardown ===
[17:03:37] Volume:        vol-07db1c56d25c61b91
[17:03:37] Security Grp:  sg-0620939abfd6f838d
[17:03:37] Nodes:         3
[17:03:37] Terminating instances...
{
    "TerminatingInstances": [
        {
            "InstanceId": "i-0d00e75e743d4523b",
            "CurrentState": {
                "Code": 32,
                "Name": "shutting-down"
            },
            "PreviousState": {
                "Code": 16,
                "Name": "running"
            }
        }
    ]
}
{
    "TerminatingInstances": [
        {
            "InstanceId": "i-0aa336cc90f3fd1f8",
            "CurrentState": {
                "Code": 32,
                "Name": "shutting-down"
            },
            "PreviousState": {
                "Code": 16,
                "Name": "running"
            }
        }
    ]
}
{
    "TerminatingInstances": [
        {
            "InstanceId": "i-06bb4adc65a5f9ddc",
            "CurrentState": {
                "Code": 32,
                "Name": "shutting-down"
            },
            "PreviousState": {
                "Code": 16,
                "Name": "running"
            }
        }
    ]
}
[17:03:39] Waiting for termination...
[17:04:11] Instances terminated
[17:04:11] Waiting for volume to detach...
[17:04:13] Volume vol-07db1c56d25c61b91 deletion requested
[17:04:13] Volume deleted
[17:04:13] Deleting security group sg-0620939abfd6f838d...
{
    "Return": true,
    "GroupId": "sg-0620939abfd6f838d"
}
[17:04:14] Security group sg-0620939abfd6f838d deleted
[17:04:14] 
[17:04:14] === EtcFS teardown complete ===
