[17:32:23] === EtcFS Infrastructure Teardown ===
[17:32:23] Volume:        vol-0785165011a2f8270
[17:32:23] Security Grp:  sg-0a57301a2cc0d7316
[17:32:23] Nodes:         3
[17:32:23] Terminating instances...
{
    "TerminatingInstances": [
        {
            "InstanceId": "i-05ebc5f587837712e",
            "CurrentState": {
                "Code": 32,
                "Name": "shutting-down"
            },
            "PreviousState": {
                "Code": 16,
                "Name": "running"
            }
        }
    ]
}
{
    "TerminatingInstances": [
        {
            "InstanceId": "i-0237aab2e25b0198c",
            "CurrentState": {
                "Code": 32,
                "Name": "shutting-down"
            },
            "PreviousState": {
                "Code": 16,
                "Name": "running"
            }
        }
    ]
}
{
    "TerminatingInstances": [
        {
            "InstanceId": "i-05b7348fa52d7c899",
            "CurrentState": {
                "Code": 32,
                "Name": "shutting-down"
            },
            "PreviousState": {
                "Code": 16,
                "Name": "running"
            }
        }
    ]
}
[17:32:26] Waiting for termination...
[17:34:44] Instances terminated
[17:34:44] Waiting for volume to detach...
[17:34:45] Volume vol-0785165011a2f8270 deletion requested
[17:34:46] Volume deleted
[17:34:46] Deleting security group sg-0a57301a2cc0d7316...
{
    "Return": true,
    "GroupId": "sg-0a57301a2cc0d7316"
}
[17:34:47] Security group sg-0a57301a2cc0d7316 deleted
[17:34:47] 
[17:34:47] === EtcFS teardown complete ===
