[17:55:29] === EtcFS Infrastructure Teardown ===
[17:55:30] Volume:        vol-083c9d1c15b81dd88
[17:55:30] Security Grp:  sg-0a18929ac9b1608d2
[17:55:30] Nodes:         3
[17:55:30] Terminating instances...
{
    "TerminatingInstances": [
        {
            "InstanceId": "i-0bf79da1f9f67d5ed",
            "CurrentState": {
                "Code": 32,
                "Name": "shutting-down"
            },
            "PreviousState": {
                "Code": 16,
                "Name": "running"
            }
        }
    ]
}
{
    "TerminatingInstances": [
        {
            "InstanceId": "i-028d0ee31017a22d4",
            "CurrentState": {
                "Code": 32,
                "Name": "shutting-down"
            },
            "PreviousState": {
                "Code": 16,
                "Name": "running"
            }
        }
    ]
}
{
    "TerminatingInstances": [
        {
            "InstanceId": "i-08cc9e5faa40f7a64",
            "CurrentState": {
                "Code": 32,
                "Name": "shutting-down"
            },
            "PreviousState": {
                "Code": 16,
                "Name": "running"
            }
        }
    ]
}
[17:55:32] Waiting for termination...
[17:58:05] Instances terminated
[17:58:05] Waiting for volume to detach...
[17:58:07] Volume vol-083c9d1c15b81dd88 deletion requested
[17:58:07] Volume deleted
[17:58:07] Deleting security group sg-0a18929ac9b1608d2...
{
    "Return": true,
    "GroupId": "sg-0a18929ac9b1608d2"
}
[17:58:08] Security group sg-0a18929ac9b1608d2 deleted
[17:58:08] 
[17:58:08] === EtcFS teardown complete ===
